[debug] [2026-04-22T19:27:51.484Z] ----------------------------------------------------------------------
[debug] [2026-04-22T19:27:51.485Z] Command:       /opt/homebrew/Cellar/node/25.9.0_2/bin/node /opt/homebrew/bin/firebase init
[debug] [2026-04-22T19:27:51.486Z] CLI Version:   15.15.0
[debug] [2026-04-22T19:27:51.486Z] Platform:      darwin
[debug] [2026-04-22T19:27:51.486Z] Node Version:  v25.9.0
[debug] [2026-04-22T19:27:51.486Z] Time:          Thu Apr 23 2026 02:27:51 GMT+0700 (Indochina Time)
[debug] [2026-04-22T19:27:51.486Z] ----------------------------------------------------------------------
[debug] 
[debug] [2026-04-22T19:27:51.486Z] >>> [apiv2][query] GET https://firebase-public.firebaseio.com/cli.json [none]
[info] 
     ######## #### ########  ######## ########     ###     ######  ########
     ##        ##  ##     ## ##       ##     ##  ##   ##  ##       ##
     ######    ##  ########  ######   ########  #########  ######  ######
     ##        ##  ##    ##  ##       ##     ## ##     ##       ## ##
     ##       #### ##     ## ######## ########  ##     ##  ######  ########

You're about to initialize a Firebase project in this directory:

  /Users/pjirawat/Downloads/_VSCode/novarquiz-website

[debug] [2026-04-22T19:27:52.787Z] <<< [apiv2][status] GET https://firebase-public.firebaseio.com/cli.json 200
[debug] [2026-04-22T19:27:52.788Z] <<< [apiv2][body] GET https://firebase-public.firebaseio.com/cli.json {"cloudBuildErrorAfter":1594252800000,"cloudBuildWarnAfter":1590019200000,"defaultNode10After":1594252800000,"minVersion":"3.0.5","node8DeploysDisabledAfter":1613390400000,"node8RuntimeDisabledAfter":1615809600000,"node8WarnAfter":1600128000000}
[info] 
=== Project Setup
[info] 
[info] First, let's associate this project directory with a Firebase project.
[info] You can create multiple project aliases by running firebase use --add, 
[info] 
[debug] [2026-04-22T19:28:23.796Z] > command requires scopes: ["email","openid","https://www.googleapis.com/auth/cloudplatformprojects.readonly","https://www.googleapis.com/auth/firebase","https://www.googleapis.com/auth/cloud-platform"]
[debug] [2026-04-22T19:28:23.796Z] > authorizing via signed-in user (sparkpzch@gmail.com)
[debug] [2026-04-22T19:28:23.797Z] Checked if tokens are valid: false, expires at: 1776879086577
[debug] [2026-04-22T19:28:23.797Z] Checked if tokens are valid: false, expires at: 1776879086577
[debug] [2026-04-22T19:28:23.797Z] > refreshing access token with scopes: []
[debug] [2026-04-22T19:28:23.798Z] >>> [apiv2][query] POST https://www.googleapis.com/oauth2/v3/token [none]
[debug] [2026-04-22T19:28:23.798Z] >>> [apiv2][body] POST https://www.googleapis.com/oauth2/v3/token [omitted]
[debug] [2026-04-22T19:28:23.924Z] <<< [apiv2][status] POST https://www.googleapis.com/oauth2/v3/token 200
[debug] [2026-04-22T19:28:23.925Z] <<< [apiv2][body] POST https://www.googleapis.com/oauth2/v3/token [omitted]
[debug] [2026-04-22T19:28:23.938Z] >>> [apiv2][query] GET https://firebase.googleapis.com/v1beta1/projects/novartis-decisionlab [none]
[debug] [2026-04-22T19:28:24.462Z] <<< [apiv2][status] GET https://firebase.googleapis.com/v1beta1/projects/novartis-decisionlab 200
[debug] [2026-04-22T19:28:24.463Z] <<< [apiv2][body] GET https://firebase.googleapis.com/v1beta1/projects/novartis-decisionlab {"projectId":"novartis-decisionlab","projectNumber":"604049405246","displayName":"Novartis-DecisionLab","name":"projects/novartis-decisionlab","resources":{"hostingSite":"novartis-decisionlab"},"state":"ACTIVE","etag":"1_2fa3af86-c6b8-4a27-8723-303c5b948caf"}
[info] i  Using project novartis-decisionlab (Novartis-DecisionLab) . 
[info] 
=== Dataconnect Setup
[info] i  dataconnect: ensuring required API firebasedataconnect.googleapis.com is enabled... 
[info] i  dataconnect: ensuring required API sqladmin.googleapis.com is enabled... 
[debug] [2026-04-22T19:28:24.472Z] Checked if tokens are valid: true, expires at: 1776889702925
[debug] [2026-04-22T19:28:24.472Z] Checked if tokens are valid: true, expires at: 1776889702925
[debug] [2026-04-22T19:28:24.472Z] >>> [apiv2][query] GET https://serviceusage.googleapis.com/v1/projects/novartis-decisionlab/services/sqladmin.googleapis.com [none]
[debug] [2026-04-22T19:28:24.472Z] >>> [apiv2][(partial)header] GET https://serviceusage.googleapis.com/v1/projects/novartis-decisionlab/services/sqladmin.googleapis.com  x-goog-user-project=novartis-decisionlab
[debug] [2026-04-22T19:28:26.084Z] <<< [apiv2][status] GET https://serviceusage.googleapis.com/v1/projects/novartis-decisionlab/services/sqladmin.googleapis.com 200
[debug] [2026-04-22T19:28:26.084Z] <<< [apiv2][body] GET https://serviceusage.googleapis.com/v1/projects/novartis-decisionlab/services/sqladmin.googleapis.com [omitted]
[info] ✔  dataconnect: required API sqladmin.googleapis.com is enabled 
[debug] [2026-04-22T19:28:26.091Z] Checked if tokens are valid: true, expires at: 1776889702925
[debug] [2026-04-22T19:28:26.091Z] Checked if tokens are valid: true, expires at: 1776889702925
[debug] [2026-04-22T19:28:26.091Z] >>> [apiv2][query] GET https://firebasedataconnect.googleapis.com/v1/projects/novartis-decisionlab/locations/-/services [none]
[debug] [2026-04-22T19:28:27.973Z] <<< [apiv2][status] GET https://firebasedataconnect.googleapis.com/v1/projects/novartis-decisionlab/locations/-/services 200
[debug] [2026-04-22T19:28:27.973Z] <<< [apiv2][body] GET https://firebasedataconnect.googleapis.com/v1/projects/novartis-decisionlab/locations/-/services {}
[debug] [2026-04-22T19:28:31.460Z] Checked if tokens are valid: true, expires at: 1776889702925
[debug] [2026-04-22T19:28:31.460Z] Checked if tokens are valid: true, expires at: 1776889702925
[debug] [2026-04-22T19:28:31.461Z] >>> [apiv2][query] GET https://cloudbilling.googleapis.com/v1/projects/novartis-decisionlab/billingInfo [none]
[debug] [2026-04-22T19:28:33.000Z] <<< [apiv2][status] GET https://cloudbilling.googleapis.com/v1/projects/novartis-decisionlab/billingInfo 200
[debug] [2026-04-22T19:28:33.000Z] <<< [apiv2][body] GET https://cloudbilling.googleapis.com/v1/projects/novartis-decisionlab/billingInfo {"name":"projects/novartis-decisionlab/billingInfo","projectId":"novartis-decisionlab","billingAccountName":"billingAccounts/016226-14A248-A00D01","billingEnabled":true}
[debug] [2026-04-22T19:28:33.000Z] Checked if tokens are valid: true, expires at: 1776889702925
[debug] [2026-04-22T19:28:33.000Z] Checked if tokens are valid: true, expires at: 1776889702925
[debug] [2026-04-22T19:28:33.001Z] >>> [apiv2][query] GET https://monitoring.googleapis.com/v3/projects/novartis-decisionlab/timeSeries/ filter=metric.type%3D%22serviceruntime.googleapis.com%2Fquota%2Fallocation%2Fusage%22+AND+metric.label.quota_metric+%3D+%22sqladmin.googleapis.com%2Ffdc_lifetime_free_trial_per_project%22&interval.endTime=2026-04-22T19%3A28%3A33.000Z&interval.startTime=2026-04-15T19%3A28%3A33.000Z
[debug] [2026-04-22T19:28:35.118Z] <<< [apiv2][status] GET https://monitoring.googleapis.com/v3/projects/novartis-decisionlab/timeSeries/ 200
[debug] [2026-04-22T19:28:35.118Z] <<< [apiv2][body] GET https://monitoring.googleapis.com/v3/projects/novartis-decisionlab/timeSeries/ {"unit":"1"}
[info] ✔  dataconnect: CloudSQL no cost trial available! 
[debug] [2026-04-22T19:28:35.118Z] Checked if tokens are valid: true, expires at: 1776889702925
[debug] [2026-04-22T19:28:35.119Z] Checked if tokens are valid: true, expires at: 1776889702925
[debug] [2026-04-22T19:28:35.119Z] >>> [apiv2][query] GET https://sqladmin.googleapis.com/v1/projects/novartis-decisionlab/instances [none]
[debug] [2026-04-22T19:28:36.062Z] <<< [apiv2][status] GET https://sqladmin.googleapis.com/v1/projects/novartis-decisionlab/instances 200
[debug] [2026-04-22T19:28:36.062Z] <<< [apiv2][body] GET https://sqladmin.googleapis.com/v1/projects/novartis-decisionlab/instances {}
[debug] [2026-04-22T19:28:36.063Z] Checked if tokens are valid: true, expires at: 1776889702925
[debug] [2026-04-22T19:28:36.063Z] Checked if tokens are valid: true, expires at: 1776889702925
[debug] [2026-04-22T19:28:36.063Z] >>> [apiv2][query] GET https://firebasedataconnect.googleapis.com/v1/projects/novartis-decisionlab/locations [none]
[debug] [2026-04-22T19:28:37.619Z] <<< [apiv2][status] GET https://firebasedataconnect.googleapis.com/v1/projects/novartis-decisionlab/locations 200
[debug] [2026-04-22T19:28:37.619Z] <<< [apiv2][body] GET https://firebasedataconnect.googleapis.com/v1/projects/novartis-decisionlab/locations {"locations":[{"name":"projects/novartis-decisionlab/locations/asia-east1","locationId":"asia-east1","displayName":"Taiwan"},{"name":"projects/novartis-decisionlab/locations/asia-east2","locationId":"asia-east2","displayName":"Hong Kong"},{"name":"projects/novartis-decisionlab/locations/asia-northeast1","locationId":"asia-northeast1","displayName":"Tokyo"},{"name":"projects/novartis-decisionlab/locations/asia-northeast2","locationId":"asia-northeast2","displayName":"Osaka"},{"name":"projects/novartis-decisionlab/locations/asia-northeast3","locationId":"asia-northeast3","displayName":"Seoul"},{"name":"projects/novartis-decisionlab/locations/asia-south1","locationId":"asia-south1","displayName":"Mumbai"},{"name":"projects/novartis-decisionlab/locations/asia-southeast1","locationId":"asia-southeast1","displayName":"Singapore"},{"name":"projects/novartis-decisionlab/locations/asia-southeast2","locationId":"asia-southeast2","displayName":"Jakarta"},{"name":"projects/novartis-decisionlab/locations/australia-southeast1","locationId":"australia-southeast1","displayName":"Sydney"},{"name":"projects/novartis-decisionlab/locations/australia-southeast2","locationId":"australia-southeast2","displayName":"Melbourne"},{"name":"projects/novartis-decisionlab/locations/europe-central2","locationId":"europe-central2","displayName":"Warsaw"},{"name":"projects/novartis-decisionlab/locations/europe-north1","locationId":"europe-north1","displayName":"Finland"},{"name":"projects/novartis-decisionlab/locations/europe-southwest1","locationId":"europe-southwest1","displayName":"Madrid"},{"name":"projects/novartis-decisionlab/locations/europe-west1","locationId":"europe-west1","displayName":"Belgium"},{"name":"projects/novartis-decisionlab/locations/europe-west2","locationId":"europe-west2","displayName":"London"},{"name":"projects/novartis-decisionlab/locations/europe-west3","locationId":"europe-west3","displayName":"Frankfurt"},{"name":"projects/novartis-decisionlab/locations/europe-west4","locationId":"europe-west4","displayName":"Netherlands"},{"name":"projects/novartis-decisionlab/locations/europe-west6","locationId":"europe-west6","displayName":"Zurich"},{"name":"projects/novartis-decisionlab/locations/europe-west8","locationId":"europe-west8","displayName":"Milan"},{"name":"projects/novartis-decisionlab/locations/europe-west9","locationId":"europe-west9","displayName":"Paris"},{"name":"projects/novartis-decisionlab/locations/me-west1","locationId":"me-west1","displayName":"Tel Aviv"},{"name":"projects/novartis-decisionlab/locations/northamerica-northeast1","locationId":"northamerica-northeast1","displayName":"Montréal"},{"name":"projects/novartis-decisionlab/locations/northamerica-northeast2","locationId":"northamerica-northeast2","displayName":"Toronto"},{"name":"projects/novartis-decisionlab/locations/southamerica-east1","locationId":"southamerica-east1","displayName":"São Paulo"},{"name":"projects/novartis-decisionlab/locations/southamerica-west1","locationId":"southamerica-west1","displayName":"Santiago"},{"name":"projects/novartis-decisionlab/locations/us-central1","locationId":"us-central1","displayName":"Iowa"},{"name":"projects/novartis-decisionlab/locations/us-east1","locationId":"us-east1","displayName":"South Carolina"},{"name":"projects/novartis-decisionlab/locations/us-east4","locationId":"us-east4","displayName":"Northern Virginia"},{"name":"projects/novartis-decisionlab/locations/us-south1","locationId":"us-south1","displayName":"Dallas"},{"name":"projects/novartis-decisionlab/locations/us-west1","locationId":"us-west1","displayName":"Oregon"},{"name":"projects/novartis-decisionlab/locations/us-west2","locationId":"us-west2","displayName":"Los Angeles"},{"name":"projects/novartis-decisionlab/locations/us-west3","locationId":"us-west3","displayName":"Salt Lake City"},{"name":"projects/novartis-decisionlab/locations/us-west4","locationId":"us-west4","displayName":"Las Vegas"}]}
[debug] [2026-04-22T19:28:48.661Z] ExitPromptError: User force closed the prompt with SIGINT
    at Interface.sigint (/opt/homebrew/Cellar/firebase-cli/15.15.0/libexec/lib/node_modules/firebase-tools/node_modules/@inquirer/core/dist/commonjs/lib/create-prompt.js:101:37)
    at Interface.emit (node:events:509:20)
    at [_ttyWrite] [as _ttyWrite] (node:internal/readline/interface:1327:18)
    at ReadStream.onkeypress (node:internal/readline/interface:284:20)
    at ReadStream.emit (node:events:521:24)
    at emitKeys (node:internal/readline/utils:371:14)
    at emitKeys.next (<anonymous>)
    at ReadStream.onData (node:internal/readline/emitKeypressEvents:64:36)
    at ReadStream.emit (node:events:509:20)
    at addChunk (node:internal/streams/readable:564:12)
[error] 
[error] Error: An unexpected error has occurred.
